Flutter crash report.
Please report a bug at https://github.com/flutter/flutter/issues.

## command

flutter analyze /Users/cristian/Documents/vorian_freight_local

## exception

_Exception: Exception: analysis server exited with code 64 and output:
[stderr] Project
[stderr]   build       Build a Dart application including code assets.
[stderr]   compile     Compile Dart to various formats.
[stderr]   create      Create a new Dart project.
[stderr]   pub         Work with packages.
[stderr]   run         Run a Dart program from a file or a local package.
[stderr]   test        Run tests for a project.
[stderr] 
[stderr] Source code
[stderr]   analyze     Analyze Dart code in a directory.
[stderr]   doc         Generate API documentation for Dart projects.
[stderr]   fix         Apply automated fixes to Dart source code.
[stderr]   format      Idiomatically format Dart source code.
[stderr] 
[stderr] Tools
[stderr]   devtools    Open DevTools (optionally connecting to an existing application).
[stderr]   info        Show diagnostic information about the installed tooling.
[stderr] 
[stderr] Run "dart help <command>" for more information about a command.
[stderr] See https://dart.dev/tools/dart-tool for detailed documentation.

```
```

## flutter doctor

```
[✓] Flutter (Channel stable, 3.41.2, on macOS 14.8.4 23J319 darwin-x64, locale es-419) [23.0s]
    • Flutter version 3.41.2 on channel stable at /Users/cristian/development/flutter
    • Upstream repository https://github.com/flutter/flutter.git
    • Framework revision 90673a4eef (5 months ago), 2026-02-18 13:54:59 -0800
    • Engine revision 6c0baaebf7
    • Dart version 3.11.0
    • DevTools version 2.54.1
    • Feature flags: enable-web, enable-linux-desktop, enable-macos-desktop, enable-windows-desktop, enable-android, enable-ios, cli-animations, enable-native-assets, omit-legacy-version-file, enable-lldb-debugging, enable-uiscene-migration

[✓] Android toolchain - develop for Android devices (Android SDK version 36.1.0) [35.3s]
    • Android SDK at /Users/cristian/Library/Android/sdk
    • Emulator version 36.4.9.0 (build_id 14788078) (CL:N/A)
    • Platform android-36.1, build-tools 36.1.0
    • ANDROID_HOME = /Users/cristian/Library/Android/sdk
    • Java binary at: /Applications/Android Studio.app/Contents/jbr/Contents/Home/bin/java
      This is the JDK bundled with the latest Android Studio installation on this machine.
      To manually set the JDK path, use: `flutter config --jdk-dir="path/to/jdk"`.
    • Java version OpenJDK Runtime Environment (build 21.0.9+-14649483-b1163.86)
    • All Android licenses accepted.

[!] Xcode - develop for iOS and macOS (Xcode 16.2) [26.9s]
    • Xcode at /Applications/Xcode.app/Contents/Developer
    • Build 16C5032a
    ! iOS 18.2 Simulator not installed; this may be necessary for iOS and macOS development.
      To download and install the platform, open Xcode, select Xcode > Settings > Components,
      and click the GET button for the required platform.

      For more information, please visit:
        https://developer.apple.com/documentation/xcode/installing-additional-simulator-runtimes
    • CocoaPods version 1.16.2

[✓] Chrome - develop for the web [20ms]
    • Chrome at /Applications/Google Chrome.app/Contents/MacOS/Google Chrome

[✓] Connected device (3 available) [11.6s]
    • iPhone (wireless) (mobile) • 00008030-000934CA01B8402E • ios            • iOS 26.3.1 23D8133
    • macOS (desktop)            • macos                     • darwin-x64     • macOS 14.8.4 23J319 darwin-x64
    • Chrome (web)               • chrome                    • web-javascript • Google Chrome 150.0.7871.182
    ! Error: Browsing on the local area network for iPhonemiguel. Ensure the device is unlocked and attached with a cable or associated with the same local area network as this Mac.
      The device must be opted into Developer Mode to connect wirelessly. (code -27)

[✓] Network resources [1,017ms]
    • All expected network resources are available.

! Doctor found issues in 1 category.
```
